
============================================================
1112 nm - BEST SOLUTION
============================================================
f1          = 4.500 mm
f2          = 350.000 mm
d1          = 4.500 mm
d12         = 195.500 mm
d2          = 350.000 mm
Ideal d2     = 307.519 mm

Input waist  = 3.300 μm
Cavity waist = 266.068 μm
Output waist = 256.667 μm

Waist error = 9.401217 μm
Fractional error = 3.533390e-02

Output ROC = 0.7704402515722925
============================================================


============================================================
556 nm - BEST SOLUTION
============================================================
f1          = 4.500 mm
f2          = 500.000 mm
d1          = 4.500 mm
d12         = 195.500 mm
d2          = 500.000 mm
Ideal d2     = 457.749 mm

Input waist  = 1.650 μm
Cavity waist = 188.138 μm
Output waist = 183.333 μm

Waist error = 4.805071 μm
Fractional error = 2.554009e-02

Output ROC = 0.8090614886731726
============================================================


============================================================
604 nm - BEST SOLUTION
============================================================
f1          = 4.500 mm
f2          = 600.000 mm
d1          = 4.500 mm
d12         = 195.500 mm
d2          = 600.000 mm
Ideal d2     = 533.444 mm

Input waist  = 1.650 μm
Cavity waist = 196.091 μm
Output waist = 220.000 μm

Waist error = 23.908607 μm
Fractional error = 1.219258e-01

Output ROC = 0.8801955990221506
============================================================


============================================================
978 nm - BEST SOLUTION
============================================================
f1          = 4.500 mm
f2          = 750.000 mm
d1          = 4.500 mm
d12         = 195.500 mm
d2          = 750.000 mm
Ideal d2     = 264.442 mm

Input waist  = 3.300 μm
Cavity waist = 249.522 μm
Output waist = 550.000 μm

Waist error = 300.477629 μm
Fractional error = 1.204211e+00

Output ROC = 1.0062611806797945
============================================================


============================================================
1034 nm - BEST SOLUTION
============================================================
f1          = 4.500 mm
f2          = 600.000 mm
d1          = 4.500 mm
d12         = 195.500 mm
d2          = 600.000 mm
Ideal d2     = 328.266 mm

Input waist  = 3.300 μm
Cavity waist = 256.567 μm
Output waist = 440.000 μm

Waist error = 183.433275 μm
Fractional error = 7.149535e-01

Output ROC = 0.8801955990220142
============================================================


============================================================
1389 nm - BEST SOLUTION
============================================================
f1          = 4.500 mm
f2          = 500.000 mm
d1          = 4.500 mm
d12         = 195.500 mm
d2          = 500.000 mm
Ideal d2     = 210.602 mm

Input waist  = 4.650 μm
Cavity waist = 297.366 μm
Output waist = 516.667 μm

Waist error = 219.300753 μm
Fractional error = 7.374778e-01

Output ROC = 0.8090614886731515
============================================================


============================================================
1580 nm - BEST SOLUTION
============================================================
f1          = 4.500 mm
f2          = 350.000 mm
d1          = 4.500 mm
d12         = 195.500 mm
d2          = 350.000 mm
Ideal d2     = 244.579 mm

Input waist  = 5.050 μm
Cavity waist = 317.153 μm
Output waist = 392.778 μm

Waist error = 75.624938 μm
Fractional error = 2.384495e-01

Output ROC = 0.7704402515723083
============================================================
